[undress-with-ai.netlify.app/index.html]
[backblue.gif]
[fade.gif]
[index.html]
[undress-with-ai.netlify.app/og-image.0.delayed]
[cdnjs.cloudflare.com/ajax/libs/gsap/3.12.2/gsap.min.js]
[unpkg.com/@lottiefiles/lottie-player@2.0.12/dist/lottie-player.js]
[undress-with-ai.netlify.app/blog.html]
[undress-with-ai.netlify.app/transparent.5.delayed]
[i.pinimg.com/736x/2a/6d/2c/2a6d2cf60fd7dd2123381ef533c9475c.jpg]
[undress-with-ai.netlify.app/index.html]
[undress-with-ai.netlify.app/og-image.html]
[undress-with-ai.netlify.app/fashion_design.webp]
[undress-with-ai.netlify.app/how-deepnude-ai-learns-to-undress.html]
[undress-with-ai.netlify.app/for_film_industry.webp]
[undress-with-ai.netlify.app/ai-anonymity-undresswith.html]
[undress-with-ai.netlify.app/mode_nurse1.webp]
[undress-with-ai.netlify.app/blog.html]
[undress-with-ai.netlify.app/transparent.html]
[undress-with-ai.netlify.app/how-deepnude-ai-learns-to-undress.html]
[undress-with-ai.netlify.app/ai-anonymity-undresswith.html]
[undress-with-ai.netlify.app/how-to-use-undress-ai.html]
[undress-with-ai.netlify.app/how-to-use-undress-ai.html]
